# comments get ignored if we
test comments
# why don't we test here
and here
# what do we do
now  # ?
# how about
now # ??? or maybe we
test comments #
