two fish
^ - No permission
blue fish
^ - No permission
two fish
^ - No permission
