host fj1@@@
     ^ Invalid character in host name.
host .foo.bar
     ^ Too many '.'.
