hello
hello a
a smile
smile
have a good day
have good day
