foo bar
foo baz
hello a
hello b
hello there you
hello there me
hello there
^ - Invalid input
hello
^ - Invalid input
foo
^ - Invalid input
