a smile
smile
have good day
have a good day
hello bob
hello my aunt mary
hello my "aunt" mary
